// Jest Snapshot v1, https://goo.gl/fbAQLP

exports[`Initial Test of Flower Has correct initial UI 1`] = `
<div
  class="home"
>
  <div
    class="container"
    onClick={[Function]}
  >
    <div
      class="flowerText"
    >
      <h1>
        Koffing
      </h1>
      <p
        class="flowerDesc"
      >
        Description
      </p>
      <span
        class="plus"
        onClick={[Function]}
      >
        <svg
          attr={
            Object {
              "viewBox": "0 0 512 512",
            }
          }
          fill="currentColor"
          height="1em"
          stroke="currentColor"
          stroke-width="0"
          style={
            Object {
              "color": undefined,
            }
          }
          viewBox="0 0 512 512"
          width="1em"
        >
          <path
            d="M256 8C119 8 8 119 8 256s111 248 248 248 248-111 248-248S393 8 256 8zm144 276c0 6.6-5.4 12-12 12h-92v92c0 6.6-5.4 12-12 12h-56c-6.6 0-12-5.4-12-12v-92h-92c-6.6 0-12-5.4-12-12v-56c0-6.6 5.4-12 12-12h92v-92c0-6.6 5.4-12 12-12h56c6.6 0 12 5.4 12 12v92h92c6.6 0 12 5.4 12 12v56z"
          />
        </svg>
      </span>
    </div>
    <div
      class="flower"
      style={
        Object {
          "border": "36px solid #EE6055",
        }
      }
    />
  </div>
</div>
`;
